[1A[2K[2m[WebServer] [22mnpm error Missing script: "dev"
[2m[WebServer] [22mnpm error
[2m[WebServer] [22mnpm error To see a list of scripts, run:
[2m[WebServer] [22mnpm error   npm run

[1A[2K[2m[WebServer] [22mnpm error A complete log of this run can be found in: /home/node/.npm/_logs/2025-06-15T23_02_02_920Z-debug-0.log

Error: Process from config.webServer was not able to start. Exit code: 1

[1A[2K